
> korean-learning-app@0.1.0 dev
> next dev

▲ Next.js 16.2.6 (Turbopack)
- Local:         http://localhost:3000
- Network:       http://192.168.1.76:3000
- Environments: .env.local
✓ Ready in 439ms

 GET /daily 200 in 455ms (next.js: 75ms, proxy.ts: 144ms, application-code: 236ms)
[browser] Encountered a script tag while rendering React component. Scripts inside React components are never executed when rendering on the client. Consider using template tag instead (https://developer.mozilla.org/en-US/docs/Web/HTML/Element/template). 
[browser] Uncaught Error: Module [project]/node_modules/lucide-react/dist/esm/icons/user.mjs [app-client] (ecmascript) <export default as User> was instantiated because it was required from module [project]/src/components/mobile/BottomTabBar.tsx [app-client] (ecmascript), but the module factory is not available.
This is often caused by a stale browser cache, misconfigured Cache-Control headers, or a service worker serving outdated responses.
To fix this, make sure your Cache-Control headers allow revalidation of chunks and review your service worker configuration. As an immediate workaround, try hard-reloading the page, clearing the browser cache, or unregistering any service workers.
    at module evaluation (src/components/Navbar.tsx:14:17)
    at module evaluation (src/components/FloatingDecorations.tsx:17:47)
    at RootLayout (src\app\layout.tsx:50:11)
  12 | import { navGroups, type NavGroup } from '@/data/navigation';
  13 |
> 14 | export function Navbar() {
     |                 ^
  15 |   const pathname = usePathname();
  16 |   const router = useRouter();
  17 |   const { theme, toggle } = useTheme();
 GET /daily? 200 in 68ms (next.js: 5ms, proxy.ts: 7ms, application-code: 56ms)
[browser] Encountered a script tag while rendering React component. Scripts inside React components are never executed when rendering on the client. Consider using template tag instead (https://developer.mozilla.org/en-US/docs/Web/HTML/Element/template). 
[browser] Uncaught Error: Module [project]/node_modules/lucide-react/dist/esm/icons/user.mjs [app-client] (ecmascript) <export default as User> was instantiated because it was required from module [project]/src/components/mobile/BottomTabBar.tsx [app-client] (ecmascript), but the module factory is not available.
This is often caused by a stale browser cache, misconfigured Cache-Control headers, or a service worker serving outdated responses.
To fix this, make sure your Cache-Control headers allow revalidation of chunks and review your service worker configuration. As an immediate workaround, try hard-reloading the page, clearing the browser cache, or unregistering any service workers.
    at module evaluation (src/components/Navbar.tsx:14:17)
    at module evaluation (src/components/FloatingDecorations.tsx:17:47)
    at RootLayout (src\app\layout.tsx:50:11)
  12 | import { navGroups, type NavGroup } from '@/data/navigation';
  13 |
> 14 | export function Navbar() {
     |                 ^
  15 |   const pathname = usePathname();
  16 |   const router = useRouter();
  17 |   const { theme, toggle } = useTheme();
⚠ Fast Refresh had to perform a full reload due to a runtime error.
✓ Compiled in 199ms
 GET /daily 200 in 61ms (next.js: 5ms, proxy.ts: 5ms, application-code: 52ms)
[db] Connecting to: libsql://draco-wwl929989569.aws-ap-northeast-1.turso.io
 POST /api/track/page-view 200 in 90ms (next.js: 7ms, proxy.ts: 28ms, application-code: 54ms)
 GET /api/auth/me 200 in 3.0s (next.js: 197ms, proxy.ts: 5ms, application-code: 2.8s)
 POST /api/user-data 200 in 6.3s (next.js: 2ms, proxy.ts: 3ms, application-code: 6.3s)
 POST /api/user-data 200 in 3.6s (next.js: 1807µs, proxy.ts: 4ms, application-code: 3.6s)
 POST /api/user-data 200 in 6.4s (next.js: 46ms, proxy.ts: 30ms, application-code: 6.3s)
 POST /api/user-data 200 in 6.4s (next.js: 41ms, proxy.ts: 30ms, application-code: 6.3s)
 POST /api/user-data 200 in 6.4s (next.js: 53ms, proxy.ts: 29ms, application-code: 6.3s)
 POST /api/user-data 200 in 73ms (next.js: 7ms, proxy.ts: 8ms, application-code: 58ms)
 POST /api/user-data 200 in 75ms (next.js: 10ms, proxy.ts: 9ms, application-code: 56ms)
 POST /api/user-data 200 in 80ms (next.js: 12ms, proxy.ts: 10ms, application-code: 58ms)
 POST /api/user-data 200 in 76ms (next.js: 5ms, proxy.ts: 8ms, application-code: 63ms)
 POST /api/user-data 200 in 72ms (next.js: 8ms, proxy.ts: 10ms, application-code: 54ms)
 POST /api/user-data 200 in 73ms (next.js: 11ms, proxy.ts: 11ms, application-code: 51ms)
 POST /api/track/page-view 200 in 6.8s (next.js: 157ms, proxy.ts: 7ms, application-code: 6.6s)
 GET /daily 200 in 147ms (next.js: 47ms, proxy.ts: 39ms, application-code: 61ms)
 GET /daily 200 in 27ms (next.js: 2ms, proxy.ts: 4ms, application-code: 21ms)
✓ Compiled in 169ms
 GET /daily 200 in 202ms (next.js: 68ms, proxy.ts: 58ms, application-code: 76ms)
 GET /daily 200 in 129ms (next.js: 53ms, proxy.ts: 36ms, application-code: 40ms)
✓ Compiled in 158ms
 GET /daily 200 in 117ms (next.js: 49ms, proxy.ts: 36ms, application-code: 32ms)
 GET /daily 200 in 139ms (next.js: 61ms, proxy.ts: 42ms, application-code: 36ms)
✓ Compiled in 263ms
 GET /daily 200 in 133ms (next.js: 73ms, proxy.ts: 33ms, application-code: 27ms)
✓ Compiled in 143ms
 GET /daily 200 in 126ms (next.js: 47ms, proxy.ts: 39ms, application-code: 40ms)
 GET /daily 200 in 113ms (next.js: 44ms, proxy.ts: 38ms, application-code: 31ms)
 GET /daily 200 in 140ms (next.js: 48ms, proxy.ts: 36ms, application-code: 57ms)
 GET /daily 200 in 126ms (next.js: 50ms, proxy.ts: 41ms, application-code: 35ms)
 GET /daily 200 in 171ms (next.js: 45ms, proxy.ts: 39ms, application-code: 87ms)
 GET /daily 200 in 98ms (next.js: 3ms, proxy.ts: 3ms, application-code: 91ms)
 GET /daily 200 in 52ms (next.js: 5ms, proxy.ts: 7ms, application-code: 40ms)
 GET /daily 200 in 51ms (next.js: 25ms, proxy.ts: 7ms, application-code: 19ms)
 GET /daily 200 in 129ms (next.js: 54ms, proxy.ts: 35ms, application-code: 40ms)
 GET /daily 200 in 125ms (next.js: 51ms, proxy.ts: 39ms, application-code: 35ms)
 GET /daily 200 in 115ms (next.js: 54ms, proxy.ts: 33ms, application-code: 28ms)
 GET /daily 200 in 124ms (next.js: 54ms, proxy.ts: 37ms, application-code: 33ms)
 GET /daily 200 in 124ms (next.js: 58ms, proxy.ts: 31ms, application-code: 35ms)
 GET /daily 200 in 145ms (next.js: 73ms, proxy.ts: 37ms, application-code: 35ms)
 GET /daily 200 in 130ms (next.js: 54ms, proxy.ts: 40ms, application-code: 36ms)
 GET /daily 200 in 112ms (next.js: 50ms, proxy.ts: 29ms, application-code: 32ms)
 GET /daily 200 in 113ms (next.js: 46ms, proxy.ts: 36ms, application-code: 31ms)
 GET /daily 200 in 143ms (next.js: 79ms, proxy.ts: 37ms, application-code: 27ms)
 GET /daily 200 in 114ms (next.js: 44ms, proxy.ts: 35ms, application-code: 35ms)
 GET /daily 200 in 126ms (next.js: 45ms, proxy.ts: 34ms, application-code: 48ms)
 GET /daily 200 in 168ms (next.js: 79ms, proxy.ts: 48ms, application-code: 41ms)
✓ Compiled in 110ms
